[    0.00000] Linux version 4.15.0-65-generic (buildd@lgw01-amd64-006) gcc version 7.4.0 (Ubuntu 7.4.0-1ubuntu1~18.04.1)) #74-Ubuntu SMP Tue Sep 17 17:06:04 UTC 2019 (Ubuntu 4.15.0-65.74-generic 4.15.18)
[    0.000000] Command line: BOOT_IMAGE=/boot/vmlinuz-4.15.0-65-generic root=UUID=1f736b6f-1f72-404f-b646-22a765a221c8 ro console=tty1 console=ttyS0
[    0.000000] KERNEL supported cpus:
[    0.000000]   IntelGenuineIntel
    0.000000]  AMD AthenticAD
[    0000000]   entaur CentaurHauls
[    0000000] x86/fpu: Supporing XSAVE feature 0x01: 'x87 foating pont regisers'
[    0.000000] x86/pu: Suportin XSAVE featre 0x002: 'SSE egisters'
[    0.000000] x86/fpu: Supportin XSAVE feature 0x004: 'AVX registers'
[    0.000000] x86/fpu:xstate_offset[2]:  576 xstate_sizes[2]:  256
[    0.000000] x86/fpu: Enabled xstate features 0x7, context size is 832 bytes, using 'standard' format.
[    0.000000] e820:BIOS-provided physicl RAM map:
[   0.00000] BIOS-e820:[mem 0x0000000000000000-0x0000000009fbff] usable
[    0.000000]BIOS-e820: [mem 0x00000000009c00-0x0000000009ffff] reserved
[    0.000000] BIOS-e82: [mem 0x0000000000f0000-0x0000000000fffff reserved
[   0.000000]BIOS-e820:[mem 0x000000000100000-0x000000003ffeffff] usable
[    0.000000] BIOS-e820: [mem 0x000000003fff0000-0x000000003fffffff] ACPI data
[    0.000000] BIOS-e820: [mem 0x00000000fec00000-0x00000000fec00fff] reserved
[    0.000000] BIOS-820: [mem 0x00000000fee00000-0x00000000fee00fff] reseved
[    0.000000] BIOS-e82: [mem 0x0000000fffc0000-0x00000000ffffffff resered
[    0.000000] NX (xecute Dsable) potection:active
[    0.00000] SMBIO 2.5 preent.
[    0000000] DMI: inotek GbH Virtualox/VirtuaBox, BIOS VirtualBx 12/01/006
[   0.000000] Hypervisor detected: KVM
[    0.000000] e820: last_pfn = 0x3fff0 max_arch_pfn = 0x400000000
[    0.000000] MTRR: Disabled
[    0.000000] x86/PAT: MTRRs disabled, skipping PAT initialization too.
[    0.000000] CPU MTRRs all blank - virtualized system.
[    0.000000] x86/PAT: Configration [0-7]: WB  WT  UC- UC  WB  WT  UC- UC  
[    0.000000] found SMP MP-table at [mem 0x0009fff0-0x0009ffff]
[    0.000000] Scanning 1 areas for low memory corruption
[    0.000000] RAMDISK: [mem 0x3597d000-0x36cb5fff]
[    0.000000] ACPI: Early table checksum verification disabled
[    0.0000000] ACPI: RSDP 0x00000000000E0000 000024 (v02 VBOX  )
[    0.000000] ACPI: XSDT 0x000000003FFF0030 00003C (v01 VBOX   VBOXXSDT 00000001 ASL  0000061)
[   0.00000] ACP: FACP 0x000000003FFF00F0 0000F4 (v4 VBOX   VBOXFACP0000001 ASL  0000061)
[    0.000000] ACPI: DSDT 0x00000003FFF0470 021FF (v02 VBX   VBOXIOS 00000002 INTL 2010528)
    0.000000] CPI: FACS 0x00000003FFF000 000040
[    0.000000]ACPI: FACS 0x000000003FFF0200 000040
[    0.000000] ACPI: PIC 0x000000003FF0240 00005C (v02 VBOX   VBOXAPIC 00000001 ASL  00000061)
[    0.000000] ACPI: SSDT 0x000000003FFF02A0 0001CC (v01 VBOX   VBOXCPUT 00000002 INTL 20100528)
[    0.000000] No NUMA configuration found
[    0.000000] Faking a node at [mem 0x0000000000000000-0x000000003ffeffff]
[    0.000000] NODE_DATA(0) allocate [mem 0x3ffc5000-0x3ffeffff]
[    0.000000] kvm-clock: cpu0, msr 0:3ff4001, prmary cpu clok
[    0.00000]kvm-clock: Using mss 4b564d1 and 4b54d00
[   0.00000]kvm-clock: sing sched ofset o 4744916470 ycles
[   0.000000] clocksource:kvm-lock: mask: 0xfffffffffffffff max_cycles: 0x1cd42e4dffb, max_idle_ns: 881590591483 ns
[    0.000000] Zone ranges:
[    0.000000]   DMA      [mem 0x000000000001000-0x0000000000ffffff]
[    0.000000]   DMA32    [mem 0x0000000001000000-0x000000003ffeffff]
[    0.000000]   Normal   empty
[    0.000000]   Device   empty
[    0.000000] Movable zone start for each node
[    0.000000] Early memory node ranges
[    0.000000]   node   0: [mem 0x0000000000001000-0x000000000009efff]
[    0.000000]   node   0: [mem 0x0000000000100000-0x000000003ffeffff]
[    0.000000] Reserved but unavailable: 98 pages
[    0.000000] Initmem setup node 0 [mem 0x0000000000001000-0x000000003ffeffff]
[    0.000000] ACPI: PM-Timer IO Port: 0x4008
[    0.000000] IOAPIC[0]: apic_id 2, version 32, address 0xfec00000, GSI 0-23
[    0.000000] ACPI: INT_RC_OVR (bus 0 bus_irq 0 glbal_irq 2 fl dfl)
[   0.000000] API: INT_SRC_OVR (bs 0 bus_ir  9 global_irq 9 low level)
[   0.00000] Uing ACPI (MADT) for SMP cofiguation nformation
[    0.000000] smpboot: Allowing 2 CPUs, 0 hotpug CPUs
[    0.000000] PM: Registered nosave memory: [mem 0x00000000-0x00000fff]
[    0.000000] PM: Registered nosave memory: [mem 0x0009f000-0x0009ffff]
[    0.000000] PM: Registered nosave memory: [mem 0x000a0000-0x000effff]
[   0.000000] PM: Registered nosave memory: [em 0x000f000-0x000ffff]
[    0.000000] e820: [mem 0x40000000-0xfebfffff] available for PCI devices
[   0.000000] Booting paravirtualized kernel on VM
[    0.000000 clockource: refind-jiffes: mask: 0xfffffff max_cycles: 0xfffffff, max_idle_ns: 7645519600211568 ns
[    0.00000] rndom: get_rando_bytes called from strt_kernel+0x99/0x4d with crng_init=0
    0.000000 setup_percpu: NR_CPS:8192 nr_cpumask_bits:2nr_cpu_ids:2 nr_node_ids:1
[    0000000] percpu: Embedded46 pags/cpu s151552r8192 d28672 u104576
[    0.000000] PV qspinlock has table entries: 256 (order: 0, 4096 bytes)
[    0.000000] Built 1 zonelists, mobility gouping on.  Total pages: 257913
[    0.000000] Policy zne: DMA32
[    0.000000] Kernl command lie: BOO_IMAGE=/boot/vmlinuz-4.15.0-65-geneic root=UUID=1f736b6f-1f72-404f-b646-22a765a221c8 ro console=tty1 console=ttyS0
[    0.00000] Memoy: 982896K/1048120K available (12300K kernel code, 2481K rwdata, 4256K rodata, 2436K nit, 2388K bss, 6522K reserved, 0K cm-reserved)
[    0.000000]SLUB: Halign=64, rder=0-3, MnObjects=0, CPUs=2, Nodes=1
[    0.000000] Kernel/ser page tables isolation: enabled
[    0.000000] ftrace: allocating 39301 entries in 154 pages
[    0.004000] Hierarchical RCU implementation.
[    0.004000] 	RCU restricting CPUs from NR_CPUS=8192 to nr_cpu_ids=2.
[    0.004000] 	Tasks RCU enabled.
[    0.004000] RCU: Adjusting geometry for rcu_fanout_leaf=16, nr_cpu_ids=2
[    0.004000] NR_IRQS: 524544, nr_irqs: 440, preallocated irqs: 16
[    0.004000] Console: colour VGA+ 80x25
[    0004000] console [tty1] enabed

[    0.004000] consoe [tty0] enabled
    0.004000] ACPI Core revision 20170831
    0.04000] ACP: 2 ACI AML tablessuccessfully cquird and loaded
[   0.004000] APIC: Switch to symmetric I/O mode setup
[    0.004385] x2apic enabled
[    0.008009] Switched APIC routing to physical x2apic.
[    0.013383] ..TIMER: vector=0x30 apic1=0 pin1=2 apic2=-1 pin2=-1
[    0.016007] tsc: Detected 2207.998 MHz processor
[    0.020015] Calibrating delay loop (skipped) preset value.. 4415.99 BogoMIPS (lpj=8831992)
[    0.024008] pid_max: default: 32768 minimum: 301
[    0.028052] Security Framework initialized
[    0.032009] Yama: becoming mindful.
[    0.036044] AppArmor: AppArmor initialized
[    0.042510] Dentry cache hash table entries: 131072 (order: 8, 1048576 bytes)
[    0.044085] Inode-cache hash table entries: 65536 (order: 7, 524288 bytes)
[    0.048034] Mount-cache hash table entries: 2048 (order: 2, 16384 bytes)
[    0.052018] Mountpoint-cache hash table entries: 2048 (order: 2, 16384 bytes)
[    0.056322] Last level iTLB entries: 4KB 64, 2MB 8, 4MB 8
[    0.060008] Last level dTLB entries: 4KB 64, 2MB 0, 4MB 0, 1GB 4
[    0.064008] Spectre V1 : Mitigation: usercopy/swapgs barriers and __user pointer sanitization
[    0.068008] Spectre V2 : Mitigation: Full generic retpoline
[    0.072007] Spectre V2 : Spectre v2 / SpectreRSB mitigation: Filling RSB on context switch
[    0.076007] Speculative Store Bypass: Vulnerable
[    0.080067] MDS: Mitigation: Clear CPU buffers
[    0.084204] Freeing SMP alternatives memory: 36K
[    0.199336] smpboot: CPU0: Intel(R) Core(TM) i7-8750H CPU @ 2.20GHz (family: 0x6, model: 0x9e, stepping: 0xa)
[    0.200102] Performance Events: unsupported p6 CPU model 158 no PMU driver, software events only.
[    0.204077] Hierarchical SRCU implementation.
[    0.208809] NMI watchdog: Perf event create on CPU 0 failed with -2
[    0.212007] NMI watchdog: Perf NMI watchdog permanently disabled
[    0.216091] smp: Bringing up secondary CPUs ...
[    0.220138] x86: Booting SMP configuration:
[    0.224009] .... node  #0, CPUs:      #1
[    0.004000] kvm-clock: cpu 1, msr 0:3ff44041, secondary cpu clock
[    0.240074] smp: Brought up 1 node, 2 CPUs
[    0.244013] smpboot: Max logical packages: 1
[    0.246149] smpboot: Total of 2 processors activated (8831.99 BogoMIPS)
[    0.248174] devtmpfs: initialized
[    0.252070] x86/mm: Memory block size: 128MB
[    0.255438] evm: security.selinux
[    0.256008] evm: security.SMACK64
[    0.257553] evm: security.SMACK64EXEC
[    0.260008] evm: security.SMACK64TRANSMUTE
[    0.262802] evm: security.SMACK64MMAP
[    0.264006] evm: security.apparmor
[    0.265709] evm: security.ima
[    0.268005] evm: security.capability
[    0.269790] clocksource: jiffies: mask: 0xffffffff max_cycles: 0xffffffff, max_idle_ns: 7645041785100000 ns
[    0.272031] futex hash table entries: 512 (order: 3, 32768 bytes)
[    0.280038] pinctrl core: initialized pinctrl subsystem
[    0.284155] RTC time: 12:22:14, date: 10/09/19
[    0.288236] NET: Registered protocol family 16
[    0.290383] audit: initializing netlink subsys (disabled)
[    0.292064] audit: type=2000 audit(1570623729.433:1): state=initialized audit_enabled=0 res=1
[    0.296034] cpuidle: using governor ladder
[    0.297944] cpuidle: using governor menu
[    0.300061] ACPI: bus type PCI registered
[    0.301471] acpiphp: ACPI Hot Plug PCI Controller Driver version: 0.5
[    0.304030] PCI: Using configuration type 1 for base access
[    0.309247] HugeTLB registered 2.00 MiB page size, pre-allocated 0 pages
[    0.316110] ACPI: Added _OSI(Module Device)
[    0.319681] ACPI: Added _OSI(Processor Device)
[    0.320020] ACPI: Added _OSI(3.0 _SCP Extensions)
[    0.324018] ACPI: Added _OSI(Processor Aggregator Device)
[    0.328009] ACPI: Added _OSI(Linux-Dell-Video)
[    0.330252] ACPI: Added _OSI(Linux-Lenovo-NV-HDMI-Audio)
[    0.332011] ACPI: Added _OSI(Linux-HPI-Hybrid-Graphics)
[    0.336584] ACPI: Executed 1 blocks of module-level executable AML code
[    0.345645] ACPI: Interpreter enabled
[    0.348031] ACPI: (supports S0 S5)
[    0.352007] ACPI: Using IOAPIC for interrupt routing
[    0.356437] PCI: Using host bridge windows from ACPI; if necessary, use "pci=nocrs" and report a bug
[    0.360317] ACPI: Enabled 2 GPEs in block 00 to 07
[    0.373646] ACPI: PCI Root Bridge [PCI0] (domain 0000 [bus 00-ff])
[    0.376017] acpi PNP0A03:00: _OSC: OS supports [ASPM ClockPM Segments MSI]
[    0.379399] acpi PNP0A03:00: _OSC: not requesting OS control; OS requires [ExtendedConfig ASPM ClockPM MSI]
[    0.380025] acpi PNP0A03:00: fail to add MMCONFIG information, can't access extended PCI configuration space under this bridge.
[    0.388273] PCI host bridge to bus 0000:00
[    0.390898] pci_bus 0000:00: root bus resource [io  0x0000-0x0cf7 window]
[    0.392011] pci_bus 0000:00: root bus resource [io  0x0d00-0xffff window]
[    0.396012] pci_bus 0000:00: root bus resource [mem 0x000a0000-0x000bffff window]
[    0.400011] pci_bus 0000:00: root bus resource [mem 0x40000000-0xfdffffff window]
[    0.404011] pci_bus 0000:00: root bus resource [bus 00-ff]
[    0.413553] pci 0000:00:01.1: legacy IDE quirk: reg 0x10: [io  0x01f0-0x01f7]
[    0.416011] pci 0000:00:01.1: legacy IDE quirk: reg 0x14: [io  0x03f6]
[    0.420012] pci 0000:00:01.1: legacy IDE quirk: reg 0x18: [io  0x0170-0x0177]
[    0.424010] pci 0000:00:01.1: legacy IDE quirk: reg 0x1c: [io  0x0376]
[    0.453128] pci 0000:00:07.0: quirk: [io  0x4000-0x403f] claimed by PIIX4 ACPI
[    0.456039] pci 0000:00:07.0: quirk: [io  0x4100-0x410f] claimed by PIIX4 SMB
[    0.472980] ACPI: PCI Interrupt Link [LNKA] (IRQs 5 9 10 *11)
[    0.476524] ACPI: PCI Interrupt Link [LNKB] (IRQs 5 9 *10 11)
[    0.480239] ACPI: PCI Interrupt Link [LNKC] (IRQs 5 *9 10 11)
[    0.484239] ACPI: PCI Interrupt Link [LNKD] (IRQs 5 9 10 *11)
[    0.489003] SCSI subsystem initialized
[    0.492113] pci 0000:00:02.0: vgaarb: setting as boot VGA device
[    0.496000] pci 0000:00:02.0: vgaarb: VGA device added: decodes=io+mem,owns=io+mem,locks=none
[    0.496012] pci 0000:00:02.0: vgaarb: bridge control possible
[    0.500008] vgaarb: loaded
[    0.504057] ACPI: bus type USB registered
[    0.508051] usbcore: registered new interface driver usbfs
[    0.512034] usbcore: registered new interface driver hub
[    0.516048] usbcore: registered new device driver usb
[    0.524041] EDAC MC: Ver: 3.0.0
[    0.532043] PCI: Using ACPI for IRQ routing
[    0.536546] NetLabel: Initializing
[    0.540007] NetLabel:  domain hash size = 128
[    0.544007] NetLabel:  protocols = UNLABELED CIPSOv4 CALIPSO
[    0.548039] NetLabel:  unlabeled traffic allowed by default
[    0.552110] clocksource: Switched to clocksource kvm-clock
[    06617] FS: Dik uoasdqot6.6.0
[   .96084] VFS: Dquot-cache has table entries: 512 (order 0, 4096 bytes)
[   .10019 AppAror AppAmor lesystemnaled
[    1.4455] pnp: PnP ACPI nit
[  1530663] np PnP ACP: foun 3deices

[    1.9442 cocsoure: acpi_pm: mak: 0xfffffmacycles 0ffffff, max_idle_ns: 2085701024 ns

[    2157697] NET: Registeredprotocol family 2

[    2.216685] TCP established hash table entries: 8192 (order: 4, 65536 bytes)
[    2.218964] TCP bind hash table tries: 812 (oder: 5, 131072 bytes)[   .3457]TC: as tbls onigred esabised812 in 8192
[   .95082] DP hash table enties: 512 orer 2, 16384 bytes)
[    3.220192] DP-Lite has tble entries: 512 (order: 2, 16384bytes)
[    3.334184] NET: Registered protocol family 1
[    3.336082] pci 0000:00:00.0: Limiting direct PI/PCI transfers
[    3.366724] pci 0000:00:01.0: Activating ISA DMA hang workarounds
[    3.369541] pci 0000:00:02.0: Video device with shadowed ROM at [mem 0x000c0000-0x000dffff]
[    3.373267] Unpacking initramfs...

[    3.753218] Freeing initrd memory: 19684K
[    3.817896] clocksource: tsc: mask: 0xffffffffffffffff max_cycles: 0x1fd3b6211b4, max_idle_ns: 440795230313 ns
[    3.881542] platform rtc_cmos: registered platform RTC device (no PNP device found)
[    3.960410] Scanning for low memory corruption every 60 seconds
[    4.039430] Initialise system trusted keyrings
[    4.097545] Key type blacklist registered
[    4.140965] workingset: timestamp_bits=36 max_order=18 bucket_order=0
[    4.222259] zbud: loaded
[    4.241211] squashfs: version 4.0 (2009/01/31) Phillip Lougher
[    4.321833] fuse init (API version 7.26)
[    4.378971] Key type asymmetric registered
[    4.433873] Asymmetric key parser 'x509' registered
[    4.455818] Block layer SCSI generic (bsg) driver version 0.4 loaded (major 246)
[    4.464867] io scheduler noop registered
[    4.472653] io scheduler deadline registered
[    4.481696] io scheduler cfq registered (default)
[    4.491085] ACPI: AC Adapter [AC] (on-line)
[    4.493453] input: Power Button as /devices/LNXSYSTM:00/LNXPWRBN:00/input/input0
[    4.497762] ACPI: Power Button [PWRF]
[    4.500955] input: Sleep Button as /devices/LNXSYSTM:00/LNXSLPBN:00/input/input1
[    4.509638] ACPI: Sleep Button [SLPF]
[    4.514096] ACPI: Battery Slot [BAT0] (battery present)
[    4.520147] Serial: 8250/16550 driver, 32 ports, IRQ sharing enabled
[  4.55250] 002: ttyS a I/O0xf8 (irq = 4, base_bad = 1520) is a 16550A
[    4.911786] Linux agpgart interface v0.103
[    4.930465] loop: module loaded
[    4.932387] scsi host0: ata_piix
[    4.934019] scsi host1: ata_piix
[    4.948731] ata1: PATA max UDMA/33 cmd 0x1f0 ctl 0x3f6 bmdma 0xd000 irq 14
[    5.022446] ata2: PATA max UDMA/33 cmd 0x170 ctl 0x376 bmdma 0xd008 irq 15
[    5.101579] libphy: Fixed MDIO Bus: probed
[    513750] tunUniversal TUN/TAP devie rier 1.6

[    5.365692] PPP generic driver version 2.4.2
[    5.401679] ehci_hcd: USB 2.0 'Enhanced' Host Controller (EHCI) Driver
[    5.504601] ehci-pci: EHCI PCI platform driver
[    5.553217] ehci-platform: EHCI generic platform driver
[    5.590872] ohci_hc USB 1.1 'Open' Host Controller (OHCI)Driver
[    5.683151] ohci-ci: OHCI PCI atformdriver[   5.817061]hci-platorm:OHI genec platfom driv
   61724] hc_hcd USB UniversaHos Cntroller Inteac driver

[    6.567456] i8042: PNP: PS/2 Controller [PNP003PSK,NPf0:PS2M] t x60,0x64 irq 1,1
[    6.826567] serio: i842 KBD port at 0x60,0x64 irq 1
[    6.854649] serio: i8042 AUX port at 0x60,0x64 irq 12

[    6.856932] mousedev: PS/2 mouse device common for all mice
[    6.860274] input: AT Translated Set 2 keyboard as /devices/platform/i8042/serio0/input/input2
[    6.862895] rtc_cmos rtc_cmos: rtc core: registered rtc_cmos as rtc0
[    6.865131] rtc_cmos rtc_cmos: alarms up to one day, 114 bytes nvram
[    6.924873] i2c /dev entries driver
[    6.957051] device-mapper: uevent: version 1.0.3
[    7.020748] device-mapper: ioctl: 4.37.0-ioctl (2017-09-20) initialised: dm-devel@redhat.com
[    7.096211] ledtrig-cpu: registered to indicate activity on CPUs
[    7.201143] NET: Registered protocol family 10
[    7.249934] Segment Routing with IPv6
[    7.284828] NET: Registered protocol family 17
[    7.322493] Key type dns_resolver registered
[    7.385038] mce: Using 0 MCE banks
[    7.457632] RAS: Correctable Errors collector initialized.
[    7.542441] sched_clock: Marking stable (7542375251, 0)->(19692958301, -12150583050)
[    7.640307] registered taskstats version 1
[    7.680027] Loading compiled-in X.509 certificates
[    7.743021] Loaded X.509 cert 'Build time autogenerated kernel key: 3a65b6a3c8b5d6b297d77c25be9161529933bc49'
[    7.899141] zswap: loaded using pool lzo/zbud
[    7.913140] Key type big_key registered
[    7.941351] Key type trusted registered
[    7.947032] Key type encrypted registered
[    7.949392] AppArmor: AppArmor sha1 policy hashing enabled
[    7.952266] ima: No TPM chip found, activating TPM-bypass! (rc=-19)
[    7.959356] ima: Allocated hash algorithm: sha1
[    7.967553] evm: HMAC attrs: 0x1
[    7.969499]   Magic number: 7:794:379
[    7.975826] rtc_cmos rtc_cmos: setting system clock to 2019-10-09 12:22:22 UTC (1570623742)
[    7.979347] BIOS EDD facility v0.16 2004-Jun-25, 0 devices found
[    7.981709] EDD information not available.
[    7.986323] Freeing unused kernel image memory: 2436K
[    8.004108] Write protecting the kernel read-only data: 20480k
[    8.007005] Freeing unused kernel image memory: 2008K
[    8.009174] Freeing unused kernel image memory: 1888K
[    8.017702] x86/mm: Checked W+X mappings: passed, no W+X pages found.
[    8.050949] x86/mm: Checking user space page tables
[    8.172852] x86/mm: Checked W+X mappings: passed, no W+X pages found.
Loading, please wait...
starting version 237
[    8.356277] e1000: Intel(R) PRO/1000 Network Driver - version 7.3.21-k8-NAPI
[    8.456845] e1000: Copyright (c) 1999-2006 Intel Corporation.
[    8.535666] Fusion MPT base driver 3.04.20
[    8.596868] Copyright (c) 1999-2008 LSI Corporation
[    8.643504] AVX2 version of gcm_enc/dec engaged.
[    8.669933] AES CTR mode by8 optimization enabled
[    8.736153] Fusion MPT SPI Host driver 3.04.20
[    8.846237] input: ImExPS/2 Generic Explorer Mouse as /devices/platform/i8042/serio1/input/input4
[    9.234413] e1000 0000:00:03.0 eth0: (PCI:33MHz:32-bit) 02:19:d6:3c:94:c8
[   10.962818] e1000 0000:00:03.0 eth0: Intel(R) PRO/1000 Network Connection
[   11.291009] mptbase: ioc0: Initiating bringup
[   11.291456] e1000 0000:00:03.0 enp0s3: renamed from eth0
[   11.444375] ioc0: LSI53C1030 A0: Capabilities={Initiator}
[   11.688095] scsi host2: ioc0: LSI53C1030 A0, FwRev=00000000h, Ports=1, MaxQ=256, IRQ=20
[   11.988577] scsi 2:0:0:0: Direct-Access     VBOX     HARDDISK         1.0  PQ: 0 ANSI: 5
[   12.096322] scsi target2:0:0: Beginning Domain Validation
[   12.142545] scsi target2:0:0: Domain Validation skipping write tests
[   12.150045] scsi target2:0:0: Ending Domain Validation
[   12.171165] scsi target2:0:0: asynchronous
[   12.173000] scsi 2:0:1:0: Direct-Access     VBOX     HARDDISK         1.0  PQ: 0 ANSI: 5
[   12.232339] scsi target2:0:1: Beginning Domain Validation
[   12.310361] random: fast init done
[   12.545920] scsi target2:0:1: Domain Validation skipping write tests
[   12.552437] scsi target2:0:1: Ending Domain Validation
[   12.560797] scsi target2:0:1: asynchronous
[   12.576957] random: systemd-udevd: uninitialized urandom read (16 bytes read)
[   12.577022] sd 2:0:0:0: Attached scsi generic sg0 type 0
[   12.581354] random: systemd-udevd: uninitialized urandom read (16 bytes read)
[   12.585232] sd 2:0:1:0: Attached scsi generic sg1 type 0
[   12.589733] random: systemd-udevd: uninitialized urandom read (16 bytes read)
[   12.602586] sd 2:0:0:0: [sda] 20971520 512-byte logical blocks: (10.7 GB/10.0 GiB)
[   12.610673] sd 2:0:1:0: [sdb] 20480 512-byte logical blocks: (10.5 MB/10.0 MiB)
[   12.617432] sd 2:0:0:0: [sda] Write Protect is off
[   12.790231] sd 2:0:1:0: [sdb] Write Protect is off
[   12.790417] sd 2:0:0:0: [sda] Incomplete mode parameter data
[   12.954110] sd 2:0:0:0: [sda] Assuming drive cache: write through
[   13.724918] sd 2:0:1:0: [sdb] Incomplete mode parameter data
[   13.730776] sd 2:0:1:0: [sdb] Assuming drive cache: write through
[   13.736528]  sda: sda1
[   13.739428] sd 2:0:1:0: [sdb] Attached SCSI disk
[   13.739480] sd 2:0:0:0: [sda] Attached SCSI disk
Begin: Loading essential drivers ... [   15.212264] raid6: sse2x1   gen()  9643 MB/s
[   15.292110] raid6: sse2x1   xor()  7013 MB/s
[   15.344132] raid6: sse2x2   gen() 11615 MB/s
[   15.460319] raid6: sse2x2   xor()  7954 MB/s
[   15.540254] raid6: sse2x4   gen() 13326 MB/s
[   15.620072] raid6: sse2x4   xor()  8272 MB/s
[   15.700100] raid6: avx2x1   gen() 19133 MB/s
[   15.804428] raid6: avx2x1   xor() 13480 MB/s
[   15.892008] raid6: avx2x2   gen() 22185 MB/s
[   15.964112] raid6: avx2x2   xor() 13739 MB/s
[   16.016112] raid6: avx2x4   gen() 22702 MB/s
[   16.068423] raid6: avx2x4   xor() 15469 MB/s
[   16.132673] raid6: using algorithm avx2x4 gen() 22702 MB/s
[   16.180808] raid6: .... xor() 15469 MB/s, rmw enabled
[   16.201971] raid6: using avx2x2 recovery algorithm
[   16.227618] xor: automatically using best checksumming function   avx       
[   16.265546] async_tx: api initialized (async)
done.
Begin: Running /scripts/init-premount ... done.
Begin: Mounting root file sys[   16.325174] Btrfs loaded, crc32c=crc32c-intel
tem ... Begin: Running /scripts/local-top ... done.
Begin: Running /scripts/local-premount ... Scanning for Btrfs filesystems
done.
Warning: fsck not present, so sk[   16.445413] EXT4-fs (sda1): INFO: recovery required on readonly filesystem
ipping root file[   16.448374] EXT4-fs (sda1): write access will be enabled during recovery
 system
[   16.535269] EXT4-fs (sda1): recovery complete
[   16.573033] EXT4-fs (sda1): mounted filesystem with ordered data mode. Opts: (null)
done.
Begin: Running /scripts/local-bottom ... done.
Begin: Running /scripts/init-bottom ... done.
[   16.848410] ip_tables: (C) 2000-2006 Netfilter Core Team
[   16.952194] systemd[1]: systemd 237 running in system mode. (+PAM +AUDIT +SELINUX +IMA +APPARMOR +SMACK +SYSVINIT +UTMP +LIBCRYPTSETUP +GCRYPT +GNUTLS +ACL +XZ +LZ4 +SECCOMP +BLKID +ELFUTILS +KMOD -IDN2 +IDN -PCRE2 default-hierarchy=hybrid)
[   17.121963] systemd[1]: Detected virtualization oracle.
[   17.123864] systemd[1]: Detected architecture x86-64.

Welcome to [1mUbuntu 18.04.3 LTS[0m!

[   17.137005] systemd[1]: Set hostname to <ubuntu-bionic>.
[   17.483707] systemd[1]: Created slice User and Session Slice.
[[0;32m  OK  [0m] Created slice User and Session Slice.
[   17.512683] systemd[1]: Reached target User and Group Name Lookups.
[[0;32m  OK  [0m] Reached target User and Group Name Lookups.
[   17.588483] systemd[1]: Started Forward Password Requests to Wall Directory Watch.
[[0;32m  OK  [0m] Started Forward Password Requests to Wall Directory Watch.
[   17.653411] systemd[1]: Set up automount Arbitrary Executable File Formats File System Automount Point.
[[0;32m  OK  [0m] Set up automount Arbitrary Executabâ€¦rmats File System Automount Point.
[   17.752912] systemd[1]: Created slice System Slice.
[[0;32m  OK  [0m] Created slice System Slice.
[   17.788736] systemd[1]: Listening on Device-mapper event daemon FIFOs.
[[0;32m  OK  [0m] Listening on Device-mapper event daemon FIFOs.
[[0;32m  OK  [0m] Listening on Syslog Socket.
[[0;32m  OK  [0m] Listening on udev Kernel Socket.
[[0;32m  OK  [0m] Listening on udev Control Socket.
[[0;32m  OK  [0m] Listening on LVM2 poll daemon socket.
[[0;32m  OK  [0m] Listening on LVM2 metadata daemon socket.
[[0;32m  OK  [0m] Listening on /dev/initctl Compatibility Named Pipe.
[[0;32m  OK  [0m] Listening on Network Service Netlink Socket.
[[0;32m  OK  [0m] Listening on Journal Socket.
         Mounting POSIX Message Queue File System...
         Starting Remount Root and Kernel[   18.015532] EXT4-fs (sda1): re-mounted. Opts: (null)
 File Systems...
         Starting Set the console keyboard layout...
         Starting Monitoring of LVM2 mirrorsâ€¦ng dmeventd or progress polling...
         Starting Create list of required stâ€¦ce nodes for the current kernel...
[[0;32m  OK  [0m] Reached target Slices.
[[0;32m  OK  [0m] Created slice system-serial\x2dgetty.slice.
         Starting Uncomplicated firewall...
         Mounting Huge Pages File System...
[[0;32m  OK  [0m] Listening on Journal Socket (/dev/log).
         Mounting Kernel Debug File System...
[[0;32m  OK  [0m] Created slice system-postgresql.slice.
         Starting udev Coldplug all Devices...
         Starting Load Kernel Modules...
[[0;32m  OK  [0m] Listening on Journal Audit Socket.
         Starting Journal Service...[   18.247816] Loading iSCSI transport class v2.0-870.

[[0;32m  OK  [0m] Reached target Swap.
[[0;32m  OK  [0m] Reached target System Time Synchronized.
[[0;32m  OK  [0m] Mounted POSIX Message Queue File System.
[[0;32m  OK  [0m] Started Remount Root and Kernel File Systems.
[   18.268411] iscsi: registered transport (tcp)
[[0;32m  OK  [0m] Started Set the console keyboard layout.
[[0;32m  OK  [0m] Started Create list of required staâ€¦vice nodes for the current kernel.
[[0;32m  OK  [0m] Started Uncomplicated firewall.
[[0;32m  OK  [0m] Mounted Huge Pages File System.
[   18.306402] iscsi: registered transport (iser)
[[0;32m  OK  [0m] Mounted Kernel Debug File System.
[[0;32m  OK  [0m] Started Load Kernel Modules.
[[0;32m  OK  [0m] Started LVM2 metadata daemon.
         Mounting Kernel Configuration File System...
         Mounting FUSE Control File System...
[   18.348185] random: crng init done
[   18.349803] random: 7 urandom warning(s) missed due to ratelimiting
         Starting Apply Kernel Variables...
         Starting Create Static Device Nodes in /dev...
         Starting Load/Save Random Seed...
[[0;32m  OK  [0m] Started Journal Service.
[[0;32m  OK  [0m] Started Monitoring of LVM2 mirrors,â€¦sing dmeventd or progress polling.
[[0;32m  OK  [0m] Started udev Coldplug all Devices.
[[0;32m  OK  [0m] Mounted Kernel Configuration File System.
[[0;32m  OK  [0m] Mounted FUSE Control File System.
[[0;32m  OK  [0m] Started Apply Kernel Variables.
[[0;32m  OK  [0m] Started Create Static Device Nodes in /dev.
[[0;32m  OK  [0m] Started Load/Save Random Seed.
         Starting udev Kernel Device Manager...
[[0;32m  OK  [0m] Reached target Local File Systems (Pre).
         Mounting Mount unit for heroku, revision 3828...
[[0;32m  OK  [0m] Reached target Local File Systems.
         Starting Tell Plymouth To Write Out Runtime Data...
         Starting AppArmor initialization...
         Starting Set console font and keymap...
         Starting ebtables ruleset management...
         Mounting Mount unit for core, revision 7713...
         Mounting Mount unit for heroku, revision 3826...
         Mounting Mount unit for core, revision 7396...
         Starting Flush Journal to Persistent Storage...
[[0;32m  OK  [0m] Started udev Kernel Device Manager.
[[0;32m  OK  [0m] Mounted Mount unit for heroku, revision 3828.
[[0;32m  OK  [0m] Started Tell Plymouth To Write Out Runtime Data.
[[0;32m  OK  [0m] Started Set console font and keymap.
[[0;32m  OK  [0m] Mounted Mount unit for core, revision 7713.
[[0;32m  OK  [0m] Mounted Mount unit for heroku, revision 3826.
[[0;32m  OK  [0m] Mounted Mount unit for core, revision 7396.
[[0;32m  OK  [0m] Found device /dev/ttyS0.
[[0;32m  OK  [0m] Started ebtables ruleset management.
[[0;32m  OK  [0m] Listening on Load/Save RF Kill Switch Status /dev/rfkill Watch.
[[0;32m  OK  [0m] Started Dispatch Password Requests to Console Directory Watch.
[[0;32m  OK  [0m] Reached target Local Encrypted Volumes.
[[0;32m  OK  [0m] Started Flush Journal to Persistent Storage.
         Starting Create Volatile Files and Directories...
[[0;32m  OK  [0m] Started Create Volatile Files and Directories.
         Starting Update UTMP about System Boot/Shutdown...
[[0;32m  OK  [0m] Started Update UTMP about System Boot/Shutdown.
[[0;32m  OK  [0m] Started AppArmor initialization.
         Starting Initial cloud-init job (pre-networking)...
[   21.037252] cloud-init[576]: Cloud-init v. 19.1-1-gbaa47854-0ubuntu1~18.04.1 running 'init-local' at Wed, 09 Oct 2019 12:22:35 +0000. Up 20.80 seconds.
[[0;32m  OK  [0m] Started Initial cloud-init job (pre-networking).
[[0;32m  OK  [0m] Reached target Network (Pre).
         Starting Network Service...
[[0;32m  OK  [0m] Started Network Service.
         Starting Network Name Resolution...
         Starting Wait for Network to be Configured...
[[0;32m  OK  [0m] Started Network Name Resolution.
[[0;32m  OK  [0m] Reached target Network.
[[0;32m  OK  [0m] Reached target Host and Network Name Lookups.
[[0;32m  OK  [0m] Started Wait for Network to be Configured.
         Starting Initial cloud-init job (metadata service crawler)...
[   23.339318] cloud-init[735]: Cloud-init v. 19.1-1-gbaa47854-0ubuntu1~18.04.1 running 'init' at Wed, 09 Oct 2019 12:22:37 +0000. Up 23.18 seconds.
[   23.404289] cloud-init[735]: ci-info: ++++++++++++++++++++++++++++++++++++++Net device info++++++++++++++++++++++++++++++++++++++
[   23.456312] cloud-init[735]: ci-info: +--------+------+----------------------------+---------------+--------+-------------------+
[   23.503549] cloud-init[735]: ci-info: | Device |  Up  |          Address           |      Mask     | Scope  |     Hw-Address    |
[[0;32m  OK  [0m] Started Initial cloud-init job (metadata service crawler).
[   23.551078] [cloud-init[0;32m  OK  [0m[735]: ] ci-info: +--------+------+----------------------------+---------------+--------+-------------------+Reached target Network is Online.

         Starting Availability of block devices...
[   23.664779] [cloud-init[0;32m  OK  [0m[735]: ] Reached target Remote File Systems (Pre).ci-info: | enp0s3 | True |         10.0.2.15          | 255.255.255.0 | global | 02:19:d6:3c:94:c8 |

[[0;32m  OK  [0m] Reached target Remote File Systems.
[   23.712917] cloud-init[735]: ci-info: | enp0s3 | True | fe80::19:d6ff:fe3c:94c8/64 |       .       |  link  | 02:19:d6:3c:94:c8 |
[[0;32m  OK  [0m] Reached target System Initialization.
[   23.738987]          Starting Socket activation for snappy daemon.
cloud-init[735]: ci-info: |   lo   | True |         127.0.0.1          |   255.0.0.0   |  host  |         .         |
[[0;32m  OK  [0m] Listening on D-Bus System Message Bus Socket.
[[0;32m  OK  [0m] Listening on Open-iSCSI iscsid Socket.
[   23.888932] cloud-init[735]: ci-info: |   lo   | True |          ::1/128           |       .       |  host  |         .         |
[[0;32m  OK  [0m] Started ACPI Events Check.
[   23.977551] [cloud-init[0;32m  OK  [0m[735]: ] ci-info: +--------+------+----------------------------+---------------+--------+-------------------+Reached target Paths.

[[0;32m  OK  [0m] Started Daily apt download activities.
[   24.059376] cloud-init[735]: ci-info: ++++++++++++++++++++++++++++Route IPv4 info+++++++++++++++++++++++++++++
[[0;32m  OK  [0m] Listening on ACPID Listen Socket.
[   24.081208] [[0;32m  OK  [0m] Listening on UUID daemon activation socket.
[[0;32m  OK  [0m] Started Discard unused blocks once a week.
[[0;32m  OK  [0m] Started Daily apt upgrade and clean activities.
cloud-init[735]: ci-info: +-------+-------------+----------+-----------------+-----------+-------+
[[0;32m  OK  [0m] Started Daily Cleanup of Temporary Directories.
         Starting LXD - unix socket.
[[0;32m  OK  [0m] Started Message of the Day.
[[0;32m  OK  [0m] Reached target Timers.
[[0;32m  OK  [0m] Reached target Cloud-config availability.
[   24.118489] cloud-init[735]: ci-info: | Route | Destination | Gateway  |     Genmask     | Interface | Flags |
[   24.142429] cloud-init[735]: ci-info: +-------+-------------+----------+-----------------+-----------+-------+
[[0;32m  OK  [0m] Started Availability of block devices.
[[0;32m  OK  [0m] Listening on Socket activation for snappy daemon.
[[0;32m  OK  [0m] Listening on LXD - unix socket.
[   24.148663] cloud-init[735]: ci-info: |   0   |   0.0.0.0   | 10.0.2.2 |     0.0.0.0     |   enp0s3  |   UG  |
[[0;32m  OK  [0m] Reached target Sockets.
[[0;32m  OK  [0m] Reached target Basic System.
[   24.194816] cloud-init[735]: ci-info: |   1   |   10.0.2.0  | 0.0.0.0  |  255.255.255.0  |   enp0s3  |   U   |
[[0;32m  OK  [0m] Started FUSE filesystem for LXC.
[   24.326633] cloud-init[735]: ci-info: |   2   |   10.0.2.2  | 0.0.0.0  | 255.255.255.255 |   enp0s3  |   UH  |
         Starting Permit User Sessions...
[   24.400146] cloud-init[735]: ci-info: +-------+-------------+----------+-----------------+-----------+-------+
         Starting LSB: Record successful boot for GRUB...
[   24.496384] cloud-init[735]: ci-info: +++++++++++++++++++Route IPv6 info+++++++++++++++++++
[[0;32m  OK  [0m] Started Regular background program processing daemon.
[   24.562855] cloud-init[735]: ci-info: +-------+-------------+---------+-----------+-------+
         Starting LSB: automatic crash report generation...
[   24.642368] cloud-init[735]: ci-info: | Route | Destination | Gateway | Interface | Flags |
         Starting OpenBSD Secure Shell server...
[   24.698960] cloud-init[735]: ci-info: +-------+-------------+---------+-----------+-------+
         Starting Virtualbox guest utils...
[   24.710523] cloud-init[735]:          Starting LXD - container startup/shutdown...
ci-info: |   1   |  fe80::/64  |    ::   |   enp0s3  |   U   |
[[0;32m  OK  [0m] Started D-Bus System Message Bus.
[   24.719026] cloud-init[735]: ci-info: |   3   |    local    |    ::   |   enp0s3  |   U   |
[   24.743591] cloud-init[735]: ci-info: |   4   |   ff00::/8  |    ::   |   enp0s3  |   U   |
[   24.748906] cloud-init[735]: ci-info: +-------+-------------+---------+-----------+-------+
         Starting Accounts Service...
         Starting Resets System Activity Data Collector...
         Starting Login Service...
         Starting System Logging Service...
         Starting PostgreSQL Cluster 10-main...
         Starting Dispatcher daemon for systemd-networkd...
[[0;32m  OK  [0m] Started irqbalance daemon.
[[0;32m  OK  [0m] Started Deferred execution scheduler.
         Starting Snappy daemon...
[[0;32m  OK  [0m] Started System Logging Service.
[[0;32m  OK  [0m] Started Permit User Sessions.
[[0;32m  OK  [0m] Started LXD - container startup/shutdown.
[[0;32m  OK  [0m] Started OpenBSD Secure Shell server.
[[0;32m  OK  [0m] Started Resets System Activity Data Collector.
[[0;32m  OK  [0m] Started Login Service.
         Starting Authorization Manager...
[[0;32m  OK  [0m] Started Unattended Upgrades Shutdown.
         Starting Terminate Plymouth Boot Screen...
         Starting Hold until boot process finishes up...
[[0;32m  OK  [0m] Started Terminate Plymouth Boot Screen.
[[0;32m  OK  [0m] Started Hold until boot process finishes up.
         Starting Set console scheme...
[[0;32m  OK  [0m] Started Serial Getty on ttyS0.
[[0;32m  OK  [0m] Started Set console scheme.
[[0;32m  OK  [0m] Started Authorization Manager.
[[0;32m  OK  [0m] Started Accounts Service.
[[0;32m  OK  [0m] Started LSB: automatic crash report generation.
[[0;32m  OK  [0m] Started LSB: Record successful boot for GRUB.
[[0;32m  OK  [0m] Started Virtualbox guest utils.
[[0;32m  OK  [0m] Created slice system-getty.slice.
[[0;32m  OK  [0m] Started Getty on tty1.
[[0;32m  OK  [0m] Reached target Login Prompts.
[[0;32m  OK  [0m] Started Dispatcher daemon for systemd-networkd.
[[0;32m  OK  [0m] Started Snappy daemon.
         Starting Wait until snapd is fully seeded...
[[0;32m  OK  [0m] Started Wait until snapd is fully seeded.
         Starting Apply the settings specified in cloud-config...
[   27.177512] cloud-init[1271]: Cloud-init v. 19.1-1-gbaa47854-0ubuntu1~18.04.1 running 'modules:config' at Wed, 09 Oct 2019 12:22:41 +0000. Up 27.07 seconds.
[[0;32m  OK  [0m] Started Apply the settings specified in cloud-config.
[[0;32m  OK  [0m] Started PostgreSQL Cluster 10-main.
         Starting PostgreSQL RDBMS...
[[0;32m  OK  [0m] Started PostgreSQL RDBMS.
[[0;32m  OK  [0m] Reached target Multi-User System.
[[0;32m  OK  [0m] Reached target Graphical Interface.
         Starting Update UTMP about System Runlevel Changes...
         Starting Execute cloud user/final scripts...
[[0;32m  OK  [0m] Started Update UTMP about System Runlevel Changes.
[   28.669663] cloud-init[1342]: Cloud-init v. 19.1-1-gbaa47854-0ubuntu1~18.04.1 running 'modules:final' at Wed, 09 Oct 2019 12:22:43 +0000. Up 28.55 seconds.
[   28.728525] cloud-init[1342]: Cloud-init v. 19.1-1-gbaa47854-0ubuntu1~18.04.1 finished at Wed, 09 Oct 2019 12:22:43 +0000. Datasource DataSourceNoCloud [seed=/dev/sdb][dsmode=net].  Up 28.66 seconds
[[0;32m  OK  [0m] Started Execute cloud user/final scripts.
[[0;32m  OK  [0m] Reached target Cloud-init target.
         Starting Daily apt download activities...
[[0;32m  OK  [0m] Started Daily apt download activities.

Ubuntu 18.04.3 LTS ubuntu-bionic ttyS0

ubuntu-bionic login: 