[    00000] in verion .15.-6generic (bild@lg01md6406 (gc vsion 74.(Ubuntu 7.4.0-1ubuntu~1.04.1) #4-UbntSMP TTue Sep 17 17:06:04 UTC 2019 (Ubuntu 4.15.0-65.74-generic 4.15.18)
[    0.000000] Command line: BOOT_IMAGE=/boot/vmlinuz-4.15.0-65-generic root=UUID=1f736b6f-1f72-404f-b646-22a765a221c8 ro console=tty1 console=ttyS0
[    0.000000] KERNEL supported cpus:
[    0.000000]   Intel GenuineIntel
[    0.000000]   AMD AuthenticAMD
[    0.000000]   Centaur CentaurHauls
[    0.000000] x86/fpu: Supporting XSAVE feature 0x001: 'x87 floating point registers'
[    0.000000] x86/fpu: Supporting XSAVE feature 0x002: 'SSE registers'
[    0.000000] x86/fpu: Supporting XSAVE feature 0x004: 'AVX registers'
[    0.000000] x86/fpu: xstate_offset[2]:  576, xstate_sizes[2]:  256
[    0.000000] x86/fpu: Enabled xstate features 0x7, context size is 832 bytes, using 'standard' format.
[    0.000000] e820: BIOS-provided physical RAM map:
[    0.000000] BIOS-e820: [mem 0x0000000000000000-0x000000000009fbff] usable
[    0.000000] BIOS-e820: [mem 0x000000000009fc00-0x000000000009ffff] reserved
[    0.000000] BIOS-e820: [mem 0x00000000000f0000-0x00000000000fffff] reserved
[    0.000000] BIOS-e820: [mem 0x0000000000100000-0x000000003ffeffff] usable
[    0.000000] BIOS-e820: [mem 0x000000003fff0000-0x000000003fffffff] ACPI data
[    0.000000]BIOSe80:[mem0x000000ec00000x000000c0fff]rerved
[  0.00000] BIOS-e820:me 0x00000fe000-0x00000fe0ff] resrv
[   0.0000 BS-e820 [em 0000000ffc0000-0x00000000fffffff] reserved
[    0.000000] NX (Execute Disable) protection: active
[    0.000000] SMBIOS 2.5 present.
[    0.000000] DMI: innotek GmbH VirtualBox/VirtualBox, BIOS VirtualBox 12/01/2006
[    0.000000] Hypervisor detected: KVM
[    0.000000] e820: last_pfn = 0x3fff0 max_arch_pfn = 0x400000000
[    0.000000] MTRR: Disabled
[    0.000000] x86/PAT: MTRRs disabled, skipping PAT initialization too.
[    0.000000] CPU MTRRs all blank - virtualized sysem.
[    0.000000] x86/PAT: Configuration [0-7]: WB  WT  UC- UC  WB  WT  UC- UC  
[    0.000000] found SMP MP-table at [mem 0x009fff0-0x009ff]
  0.00000]cannng1 arasfor owmemoy orruption
[    0.00000] RAMDISK: [mem 0x3597d000-0x36b5ff][    000000] APIEarl tle cheks verfitionisbled
   0.00000ACPI RP 0x000000000000E0000 000024 (v02 VBOX  )
[    0.00000] ACPI: XSDT 0x000000003FFF0030 00003C (v01 VBOX   VBOXXSDT 00000001 ASL  00000061)
[    0.000000] ACPI: FACP 0x000000003FFF00F0 0000F4 (v04 VBOX   VBOXFACP 00000001 ASL  00000061)
[    0.000000] ACPI: DSDT 0x000000003FFF0470 0021FF (v02 VBOX   VBOXBIOS 00000002 INTL 20100528)
[    0.000000] ACPI: FACS 0x000000003FFF0200 000040
[    0.000000] ACPI: FACS 0x000000003FFF0200 000040
[    0.000000] ACPI: APIC 0x000000003FFF0240 00005C (v02 VBOX   VBOXAPIC 00000001 ASL  00000061)
[    0.000000] ACPI: SSDT 0x000000003FFF02A0 0001CC (v01 VBOX   VBOXCPUT 00000002 INTL 20100528)
[    0.000000] No NUMA configuration found
[    0.000000] Faking a node at [mem 0x0000000000000000-0x000000003ffeffff]
[    0.000000] NODE_DATA(0) allocated [mem 0x3ffc5000-0x3ffeffff]
[    0.000000] kvm-clock: cpu 0, msr 0:3ff44001, primarycpu clock
[   0.0000] vm-cock: Usingmsrs 4b54d1 and 564d00
[    0.000000] kvm-clock: using sched ofs of 770639 cles
[   0.0000 cloksrce:kvclock: mask: 0xffffffffffffffffmacycles: x1d42e4dffb,ax_idle_ns: 881590591483 ns
[    0.000000] Zone ranges:
[    0.000000]   DMA      [mem 0x0000000000001000-0x0000000000ffffff]
[    0.000000]   DMA32    [mem 0x0000000001000000-0x000000003ffeffff]
[    0.000000]   Normal   empty
[    0.000000]   Device   empty
[    0.000000] Movable zone start for each node
[    0.000000] Early memory node ranges
[    0.000000]   node   0: [mem 0x0000000000001000-0x000000000009efff]
[    0.0000]   nde  0:[m 00x0000000000100000-0x000000003ffeffff]
[    0.000000] Reserved but unavailable: 98 pages
[    0.000000] Initmem setup node 0 [mem 0x0000000000001000-0x000000003ffeffff]
[    0.000000] ACPI: PM-Timer IO Port: 0x4008
[    0.000000] IOAPIC[0]: apic_id 2, version 32, address 0xfec00000, GSI 0-23
[    0.000000] ACPI: INT_SRC_OVR (bus 0 bus_irq 0 global_irq 2 dfl dfl)
[    0.000000] ACPI: INT_SRC_OVR (bus 0 bus_irq 9 global_irq 9 low level)
[    0.000000] Using ACPI (MADT) for SMP configuration information
[    0.000000] smpboot: Allowing 2 CPUs, 0 hotplug CPUs
[    0.000000] PM: Registered nosave memory: [mem 0x00000000-0x00000fff]
[    0.000000] PM: Registered nosave memory: [mem 0x0009f000-0x0009ffff]
[    0.000000] PM: Registered nosave memory: [mem 0x000a0000-0x000effff]
[    0.000000] PM: Registered nosave memory: [mem 0x000f0000-0x000fffff]
[    0.000000] e820: [mem 0x40000000-0xfebfffff] available for PCI devices
[    0.000000] Booting paravirtualized kernel on KVM
[    0.000000] clocksource: refined-jiffies: mask: 0xffffffff max_cycles: 0xffffffff, max_idle_ns: 7645519600211568 ns
[    0.000000] random: get_random_bytes called from start_kernel+0x99/0x4fd with crng_init=0
[    0.000000] setup_percpu: NR_CPUS:8192 nr_cpumask_bits:2 nr_cpu_ids:2 nr_node_ids:1
[    0.000000] percpu: Embedded 46 pages/cpu s151552 r8192 d28672 u1048576
[    0.000000] PV qspinlock hash table entries: 256 (order: 0, 4096 bytes)
[    0.000000] Built 1 zonelists, mobility grouping on.  Total pages: 257913
[    0.000000] Policy zone: DMA32
[    0.000000] Kernel command line: BOOT_IMAGE=/boot/vmlinuz-4.15.0-65-generic root=UUID=1f736b6f-1f72-404f-b646-22a765a221c8 ro console=tty1 console=ttyS0
[    0.000000] Memory: 982896K/1048120K available (12300K kernel code, 2481K rwdata, 4256K rodata, 2436K init, 2388K bss, 65224K reserved, 0K cma-reserved)
[    0.000000] SLUB: HWalign=64, Order=0-3, MinObjects=0, CPUs=2, Nodes=1
[    0.000000] Kernel/User page tables isolation: enabled
[    0.000000] ftrace: allocating 39301 entries in 154 pages
[    0.004000] Hierarchical RCU implementation.
[    0.004000] 	RCU restricting CPs fromNRCPUS192 to r_cpu_ids=2.
[   0.04000] 	ass RCU able.[    000000] RU:Adjusti gomety r rcu_ant_lef=, nrpuids=
   0.040] NRRQ: 52454,r_irs:40, relocated irqs: 16
[    0.004000] Console: colour VGA+ 80x25
[    0.004000] console [tty1] enabled
[    0.004000] console [ttyS0] enabled
[    0.004000] ACPI: Core rrevision 20170831
[    0.004000] ACPI: 2 ACPI AML tables successfully acquired and loaded
[    0.004000] APIC: Switch to symmetric I/O mode setup
[    0.004277] x2apic enabled
[    0.005320] Switched APIC routing to physical x2apic.
[    0.008515] ..TIMER: vector=0x30 apic1=0 pin1=2 apic2=-1 pin2=-1
[    0.012003] tsc: Detected 2207.998 MHz processor
[    0.013319] Calibrating delay loop (skipped) preset value.. 4415.99 BogoMIPS (lpj=8831992)
[    0.016003] pid_max: default: 32768 minimum: 301
[    0.016963] Security Framework initialized
[    0.017804] Yama: becoming mindful.
[    0.018552] AppArmor: AppArmor initialized
[    0.021269] Dentry cache hash table entries: 131072 (order: 8, 1048576 bytes)
[    0.022650] Inode-cache hash table entries: 65536 (order: 7, 524288 bytes)
[    0.024009] Mount-cache hash table entries: 2048 (order: 2, 16384 bytes)
[    0.028013] Mountpoint-cache hash table entries: 2048 (order: 2, 16384 bytes)
[    0.032202] Last level iTLB entries: 4KB 64, 2MB 8, 4MB 8
[    0.036003] Last level dTLB entries: 4KB 64, 2MB 0, 4MB 0, 1GB 4
[    0.040003] Spectre V1 : Mitigation: usercopy/swapgs barriers and __user pointer sanitization
[    0.044005] Spectre V2 : Mitigation: Full generic retpoline
[    0.048003] Spectre V2 : Spectre v2 / SpectreRSB mitigation: Filling RSB on context switch
[    0.052003] Speculative Store Bypass: Vulnerable
[    0.056037] MDS: Mitigation: Clear CPU buffers
[    0.060127] Freeing SMP alternatives memory: 36K
[    0.173769] smpboot: CPU0: Intel(R) Core(TM) i7-8750H CPU @ 2.20GHz (family: 0x6, model: 0x9e, stepping: 0xa)
[    0.176075] Performance Events: unsupported p6 CPU model 158 no PMU driver, software events only.
[    0.180049] Hierarchical SRCU implementation.
[    0.184467] NMI watchdog: Perf event create on CPU 0 failed with -2
[    0.188005] NMI watchdog: Perf NMI watchdog permanently disabled
[    0.192057] smp: Bringing up secondary CPUs ...
[    0.196080] x86: Booting SMP configuration:
[    0.200004] .... node  #0, CPUs:      #1
[    0.004000] kvm-clock: cpu 1, msr 0:3ff44041, secondary cpu clock
[    0.411071] smp: Brought up 1 node, 2 CPUs
[    0.412006] smpboot: Max logical packages: 1
[    0.416005] smpboot: Total of 2 processors activated (8831.99 BogoMIPS)
[    0.417744] devtmpfs: initialized
[    0.417744] x86/mm: Memory block size: 128MB
[    0.420119] evm: security.selinux
[    0.420971] evm: security.SMACK64
[    0.421759] evm: security.SMACK64EXEC
[    0.422685] evm: security.SMACK64TRANSMUTE
[    0.423692] evm: security.SMACK64MMAP
[    0.424003] evm: security.apparmor
[    0.424852] evm: security.ima
[    0.425623] evm: security.capability
[    0.426552] clocksource: jiffies: mask: 0xffffffff max_cycles: 0xffffffff, max_idle_ns: 7645041785100000 ns
[    0.428014] futex hash table entries: 512 (order: 3, 32768 bytes)
[    0.432018] pinctrl core: initialized pinctrl subsystem
[    0.433360] RTC time:  9:05:37, date: 10/12/19
[    0.434590] NET: Registered protocol family 16
[    0.436062] audit: initializing netlink subsys (disabled)
[    0.437349] audit: type=2000 audit(1570871135.658:1): state=initialized audit_enabled=0 res=1
[    0.437349] cpuidle: using governor ladder
[    0.440008] cpuidle: using governor menu
[    0.441014] ACPI: bus type PCI registered
[    0.441939] acpiphp: ACPI Hot Plug PCI Controller Driver version: 0.5
[    0.444104] PCI: Using configuration type 1 for base access
[    0.445412] HugeTLB registered 2.00 MiB page size, pre-allocated 0 pages
[    0.448070] ACPI: Added _OSI(Module Device)
[    0.449115] ACPI: Added _OSI(Processor Device)
[    0.450223] ACPI: Added _OSI(3.0 _SCP Extensions)
[    0.451326] ACPI: Added _OSI(Processor Aggregator Device)
[    0.452004] ACPI: Added _OSI(Linux-Dell-Video)
[    0.452953] ACPI: Added _OSI(Linux-Lenovo-NV-HDMI-Audio)
[    0.454010] ACPI: Added _OSI(Linux-HPI-Hybrid-Graphics)
[    0.456326] ACPI: Executed 1 blocks of module-level executable AML code
[    0.460340] ACPI: Interpreter enabled
[    0.464020] ACPI: (supports S0 S5)
[    0.468003] ACPI: Using IOAPIC for interrupt routing
[    0.472202] PCI: Using host bridge windows from ACPI; if necessary, use "pci=nocrs" and report a bug
[    0.476192] ACPI: Enabled 2 GPEs in block 00 to 07
[    0.486890] ACPI: PCI Root Bridge [PCI0] (domain 0000 [bus 00-ff])
[    0.488009] acpi PNP0A03:00: _OSC: OS supports [ASPM ClockPM Segments MSI]
[    0.492032] acpi PNP0A03:00: _OSC: not requesting OS control; OS requires [ExtendedConfig ASPM ClockPM MSI]
[    0.496019] acpi PNP0A03:00: fail to add MMCONFIG information, can't access extended PCI configuration space under this bridge.
[    0.500437] PCI host bridge to bus 0000:00
[    0.501701] pci_bus 0000:00: root bus resource [io  0x0000-0x0cf7 window]
[    0.504005] pci_bus 0000:00: root bus resource [io  0x0d00-0xffff window]
[    0.505568] pci_bus 0000:00: root bus resource [mem 0x000a0000-0x000bffff window]
[    0.508004] pci_bus 0000:00: root bus resource [mem 0x40000000-0xfdffffff window]
[    0.509664] pci_bus 0000:00: root bus resource [bus 00-ff]
[    0.513470] pci 0000:00:01.1: legacy IDE quirk: reg 0x10: [io  0x01f0-0x01f7]
[    0.515150] pci 0000:00:01.1: legacy IDE quirk: reg 0x14: [io  0x03f6]
[    0.516004] pci 0000:00:01.1: legacy IDE quirk: reg 0x18: [io  0x0170-0x0177]
[    0.517530] pci 0000:00:01.1: legacy IDE quirk: reg 0x1c: [io  0x0376]
[    0.532684] pci 0000:00:07.0: quirk: [io  0x4000-0x403f] claimed by PIIX4 ACPI
[    0.534495] pci 0000:00:07.0: quirk: [io  0x4100-0x410f] claimed by PIIX4 SMB
[    0.541499] ACPI: PCI Interrupt Link [LNKA] (IRQs 5 9 10 *11)
[    0.543105] ACPI: PCI Interrupt Link [LNKB] (IRQs 5 9 *10 11)
[    0.544112] ACPI: PCI Interrupt Link [LNKC] (IRQs 5 *9 10 11)
[    0.545304] ACPI: PCI Interrupt Link [LNKD] (IRQs 5 9 10 *11)
[    0.546714] SCSI subsystem initialized
[    0.548030] pci 0000:00:02.0: vgaarb: setting as boot VGA device
[    0.549229] pci 0000:00:02.0: vgaarb: VGA device added: decodes=io+mem,owns=io+mem,locks=none
[    0.550803] pci 0000:00:02.0: vgaarb: bridge control possible
[    0.552012] vgaarb: loaded
[    0.556040] ACPI: bus type USB registered
[    0.560042] usbcore: registered new interface driver usbfs
[    0.564026] usbcore: registered new interface driver hub
[    0.568037] usbcore: registered new device driver usb
[    0.569516] EDAC MC: Ver: 3.0.0
[    0.572288] PCI: Using ACPI for IRQ routing
[    0.573331] NetLabel: Initializing
[    0.574212] NetLabel:  domain hash size = 128
[    0.576005] NetLabel:  protocols = UNLABELED CIPSOv4 CALIPSO
[    0.577772] NetLabel:  unlabeled traffic allowed by default
[    0.580091] clocksource: Switched to clocksource kvm-clock
[    0.597270] VFS: Disk quotas dquot_6.6.0
[    0.599385] VFS: Dquot-cache hash table entries: 512 (order 0, 4096 bytes)
[    0017]ppmo AArr lest Enbl
[    1.086629] pnp: PnP AI it

[    11928pn P ACPI: found 3 devices

[  1090]losoceac_p mk:xfffmacyes0xffff m_ie_: 8510 n

[    2.419650] NET: Registeedrotocol family 2

[    2.484829] TCP established hash table entries: 8192 (order: 4, 65536 bytes)
[    2.486468] TCP bind hash table entries: 8192 (order: 5, 131072 bytes)
[    2.489248] TCP: Hash tables configured (established 8192 bind 8192)
[    2.490790] UDP hash table entries: 512 (order: 2, 16384 bytes)
[    2.492200] UDP-Lite hash table entries: 512 (order: 2, 16384 bytes)
[    2.493953] NET: Registered protocol family 1
[    2.495119] pci 0000:00:00.0: Limiting direct PCI/PCI transfers
[    2.496731] pci 0000:00:01.0: Activating ISA DMA hang workarounds
[    2.498202] pci 0000:00:02.0: Video device with shadowed ROM at [mem 0x000c0000-0x000dffff]
[    2.500060] Unpacking initramfs...
[    2.747612] Freeing initrd memory: 19684K
[    2.838447] clocksource: tsc: mask: 0xffffffffffffffff max_cycles: 0x1fd3b6211b4, max_idle_ns: 440795230313 ns
[    2.901714] platform rtc_cmos: registered platform RTC device (no PNP device found)
[    2.922691] Scanning for low memory corruption every 60 seconds
[    2.924381] Initialise system trusted keyrings
[    2.925243] Key type blacklist registered
[    2.926051] workingset: timestamp_bits=36 max_order=18 bucket_order=0
[    2.927868] zbud: loaded
[    2.928879] squashfs: version 4.0 (2009/01/31) Phillip Lougher
[    2.930210] fuse init (API version 7.26)
[    2.938866] Key type asymmetric registered
[    2.939725] Asymmetric key parser 'x509' registered
[    2.940785] Block layer SCSI generic (bsg) driver version 0.4 loaded (major 246)
[    2.942248] io scheduler noop registered
[    2.956683] io scheduler deadline registered
[    3.016459] io scheduler cfq registered (default)
[    3.017856] ACPI: AC Adapter [AC] (on-line)
[    3.018738] input: Power Button as /devices/LNXSYSTM:00/LNXPWRBN:00/input/input0
[    3.020244] ACPI: Power Button [PWRF]
[    3.021036] input: Sleep Button as /devices/LNXSYSTM:00/LNXSLPBN:00/input/input1
[    3.035941] ACPI: Sleep Button [SLPF]
[    3.044805] ACPI: Battery Slot [BAT0] (battery present)
[    3.052157] Serial: 8250/16550 driver, 32 ports, IRQ sharing enabled
[    3.096318]000:02: ttyS0 at I/O 0x3f8 (irq = 4, base_baud = 115200) is a 16550A
[    3.263716] Linux agpgart interface v0.103
[    3.266566] loop: module loaded
[    3.267807] scsi host0: ata_piix
[    3.268802] scsi host1: ata_piix
[    3.356239] ata1: PATA max UDMA/33 cmd 0x1f0 ctl 0x3f6 bmdma 0xd000 irq 14
[    3.546742] ata2: PATA max UDMA/33 cmd 0x170 ctl 0x376 bmdma 0xd008 irq 15
[    3.554138] libphy: Fixed MDIO Bus: probed
[    3.564235] tun: Universal TUN/TAP device driver, 1.6
[    3.565528] PPP generic driver version 2.4.2
[    3.566653] ehci_hcd: USB 2.0 'Enhanced' Host Controller (EHCI) Driver
[    3.568180] ehci-pci: EHCI PCI platform driver
[    3.569288] ehci-platform: EHCI generic platform driver
[    3.570564] ohci_hcd: USB 1.1 'Open' Host Controller (OHCI) Driver
[    3.572048] ohci-pci: OHCI PCI platform driver
[    3.573196] ohci-platform: OHCI generic platform driver
[    3.574466] uhci_hcd: USB Universal Host Controller Interface driver
[    3.576167] i8042: PNP: PS/2 Controller [PNP0303:PS2K,PNP0f03:PS2M] at 0x60,0x64 irq 1,12
[    3.578703] serio: i8042 KBD port at 0x60,0x64 irq 1
[    3.579981] serio: i8042 AUX port at 0x60,0x64 irq 12
[    3.581369] mousedev: PS/2 mouse device common for all mice
[    3.583008] input: AT Translated Set 2 keyboard as /devices/platform/i8042/serio0/input/input2
[    3.585539] rtc_cmos rtc_cmos: rtc core: registered rtc_cmos as rtc0
[    3.587085] rtc_cmos rtc_cmos: alarms up to one day, 114 bytes nvram
[    3.588640] i2c /dev entries driver
[    3.589603] device-mapper: uevent: version 1.0.3
[    3.590799] device-mapper: ioctl: 4.37.0-ioctl (2017-09-20) initialised: dm-devel@redhat.com
[    3.593142] ledtrig-cpu: registered to indicate activity on CPUs
[    3.595415] NET: Registered protocol family 10
[    3.600099] Segment Routing with IPv6
[    3.601000] NET: Registered protocol family 17
[    3.602086] Key type dns_resolver registered
[    3.603335] mce: Using 0 MCE banks
[    3.628315] RAS: Correctable Errors collector initialized.
[    3.734045] sched_clock: Marking stable (3733920369, 0)->(11858605805, -8124685436)
[    3.749101] registered taskstats version 1
[    3.750361] Loading compiled-in X.509 certificates
[    3.754143] Loaded X.509 cert 'Build time autogenerated kernel key: 3a65b6a3c8b5d6b297d77c25be9161529933bc49'
[    3.760629] zswap: loaded using pool lzo/zbud
[    3.769100] Key type big_key registered
[    3.770238] Key type trusted registered
[    3.773144] Key type encrypted registered
[    3.774413] AppArmor: AppArmor sha1 policy hashing enabled
[    3.775932] ima: No TPM chip found, activating TPM-bypass! (rc=-19)
[    3.777762] ima: Allocated hash algorithm: sha1
[    3.779242] evm: HMAC attrs: 0x1
[    3.780559]   Magic number: 7:392:70
[    3.781951]  memory: hash matches
[    3.783037] rtc_cmos rtc_cmos: setting system clock to 2019-10-12 09:05:41 UTC (1570871141)
[    3.785689] BIOS EDD facility v0.16 2004-Jun-25, 0 devices found
[    3.787661] EDD information not available.
[    3.791556] Freeing unused kernel image memory: 2436K
[    3.812154] Write protecting the kernel read-only data: 20480k
[    3.937758] Freeing unused kernel image memory: 2008K
[    3.957036] Freeing unused kernel image memory: 1888K
[    3.985975] x86/mm: Checked W+X mappings: passed, no W+X pages found.
[    3.989588] x86/mm: Checking user space page tables
[    3.995574] x86/mm: Checked W+X mappings: passed, no W+X pages found.
Loading, please wait...
starting version 237
[    4.074751] e1000: Intel(R) PRO/1000 Network Driver - version 7.3.21-k8-NAPI
[    4.141010] e1000: Copyright (c) 1999-2006 Intel Corporation.
[    4.169318] Fusion MPT base driver 3.04.20
[    4.244727] Copyright (c) 1999-2008 LSI Corporation
[    4.366182] AVX2 version of gcm_enc/dec engaged.
[    4.370801] AES CTR mode by8 optimization enabled
[    4.377362] Fusion MPT SPI Host driver 3.04.20
[    4.577118] input: ImExPS/2 Generic Explorer Mouse as /devices/platform/i8042/serio1/input/input4
[    4.776629] e1000 0000:00:03.0 eth0: (PCI:33MHz:32-bit) 02:19:d6:3c:94:c8
[    6.020846] e1000 0000:00:03.0 eth0: Intel(R) PRO/1000 Network Connection
[    6.214477] mptbase: ioc0: Initiating bringup
[    6.297550] e1000 0000:00:03.0 enp0s3: renamed from eth0
[    6.513721] ioc0: LSI53C1030 A0: Capabilities={Initiator}
[    8.389356] scsi host2: ioc0: LSI53C1030 A0, FwRev=00000000h, Ports=1, MaxQ=256, IRQ=20
[   10.166960] scsi 2:0:0:0: Direct-Access     VBOX     HARDDISK         1.0  PQ: 0 ANSI: 5
[   10.928654] scsi target2:0:0: Beginning Domain Validation
[   11.945688] scsi target2:0:0: Domain Validation skipping write tests
[   13.079460] scsi target2:0:0: Ending Domain Validation
[   13.903155] scsi target2:0:0: asynchronous
[   14.473637] scsi 2:0:1:0: Direct-Access     VBOX     HARDDISK         1.0  PQ: 0 ANSI: 5
[   16.229513] scsi target2:0:1: Beginning Domain Validation
[   17.231938] random: fast init done
[   17.881079] scsi target2:0:1: Domain Validation skipping write tests
[   18.134006] scsi target2:0:1: Ending Domain Validation
[   19.266166] scsi target2:0:1: asynchronous
[   20.097814] random: systemd-udevd: uninitialized urandom read (16 bytes read)
[   20.309418] random: systemd-udevd: uninitialized urandom read (16 bytes read)
[   20.309457] sd 2:0:0:0: Attached scsi generic sg0 type 0
[   20.502713] random: systemd-udevd: uninitialized urandom read (16 bytes read)
[   21.003638] sd 2:0:0:0: [sda] 20971520 512-byte logical blocks: (10.7 GB/10.0 GiB)
[   21.010590] sd 2:0:1:0: Attached scsi generic sg1 type 0
[   21.145942] sd 2:0:0:0: [sda] Write Protect is off
[   21.147030] sd 2:0:1:0: [sdb] 20480 512-byte logical blocks: (10.5 MB/10.0 MiB)
[   21.148913] sd 2:0:1:0: [sdb] Write Protect is off
[   21.148919] sd 2:0:0:0: [sda] Incomplete mode parameter data
[   21.153256] sd 2:0:0:0: [sda] Assuming drive cache: write through
[   21.157400] sd 2:0:1:0: [sdb] Incomplete mode parameter data
[   21.158827]  sda: sda1
[   21.159060] sd 2:0:1:0: [sdb] Assuming drive cache: write through
[   21.161158] sd 2:0:0:0: [sda] Attached SCSI disk
[   21.166675] sd 2:0:1:0: [sdb] Attached SCSI disk
Begin: Loading essential drivers ... [   22.556638] raid6: sse2x1   gen() 13430 MB/s
[   22.764312] raid6: sse2x1   xor()  8153 MB/s
[   23.002985] raid6: sse2x2   gen() 16874 MB/s
[   23.244043] raid6: sse2x2   xor()  9115 MB/s
[   23.393048] raid6: sse2x4   gen() 15745 MB/s
[   23.440374] raid6: sse2x4   xor()  9619 MB/s
[   23.693373] raid6: avx2x1   gen() 26673 MB/s
[   24.000383] raid6: avx2x1   xor() 17463 MB/s
[   24.233221] raid6: avx2x2   gen() 28859 MB/s
[   24.465948] raid6: avx2x2   xor() 17999 MB/s
[   24.512268] raid6: avx2x4   gen() 29483 MB/s
[   24.624018] raid6: avx2x4   xor() 20134 MB/s
[   24.813242] raid6: using algorithm avx2x4 gen() 29483 MB/s
[   25.040466] raid6: .... xor() 20134 MB/s, rmw enabled
[   25.382641] raid6: using avx2x2 recovery algorithm
[   25.557093] xor: automatically using best checksumming function   avx       
[   25.565756] async_tx: api initialized (async)
done.
Begin: Running /scripts/init-premount ... done.
Begin: Mounting root file system ... Begin: Running /scripts/local-top ... done.
Begin: Running /scripts/local-premount ... [   25.606084] Btrfs loaded, crc32c=crc32c-intel
Scanning for Btrfs filesystems
done.
Warning: fsck no[   25.626579] EXT4-fs (sda1): INFO: recovery required on readonly filesystem
t present, so sk[   25.964113] EXT4-fs (sda1): write access will be enabled during recovery
ipping root file system
[   26.315872] EXT4-fs (sda1): orphan cleanup on readonly fs
[   26.317091] EXT4-fs (sda1): 2 orphan inodes deleted
[   26.318017] EXT4-fs (sda1): recovery complete
[   26.319675] EXT4-fs (sda1): mounted filesystem with ordered data mode. Opts: (null)
done.
Begin: Running /scripts/local-bottom ... done.
Begin: Running /scripts/init-bottom ... done.
[   26.699162] ip_tables: (C) 2000-2006 Netfilter Core Team
[   26.706060] systemd[1]: systemd 237 running in system mode. (+PAM +AUDIT +SELINUX +IMA +APPARMOR +SMACK +SYSVINIT +UTMP +LIBCRYPTSETUP +GCRYPT +GNUTLS +ACL +XZ +LZ4 +SECCOMP +BLKID +ELFUTILS +KMOD -IDN2 +IDN -PCRE2 default-hierarchy=hybrid)
[   26.813138] systemd[1]: Detected virtualization oracle.
[   27.090636] systemd[1]: Detected architecture x86-64.

Welcome to [1mUbuntu 18.04.3 LTS[0m!

[   27.125087] systemd[1]: Set hostname to <ubuntu-bionic>.
[   28.514168] systemd[1]: Reached target User and Group Name Lookups.
[[0;32m  OK  [0m] Reached target User and Group Name Lookups.
[   28.517942] systemd[1]: Created slice System Slice.
[[0;32m  OK  [0m] Created slice System Slice.
[   28.532168] systemd[1]: Listening on Syslog Socket.
[[0;32m  OK  [0m] Listening on Syslog Socket.
[   29.452242] systemd[1]: Listening on Journal Socket (/dev/log).
[[0;32m  OK  [0m] Listening on Journal Socket (/dev/log).
[   30.556353] systemd[1]: Listening on LVM2 metadata daemon socket.
[[0;32m  OK  [0m] Listening on LVM2 metadata daemon socket.
[   31.092157] systemd[1]: Listening on udev Kernel Socket.
[[0;32m  OK  [0m] Listening on udev Kernel Socket.
[[0;32m  OK  [0m] Created slice system-postgresql.slice.
[[0;32m  OK  [0m] Listening on Journal Audit Socket.
[[0;32m  OK  [0m] Created slice User and Session Slice.
[[0;32m  OK  [0m] Set up automount Arbitrary Executabâ€¦rmats File System Automount Point.
[[0;32m  OK  [0m] Reached target Slices.
[[0;32m  OK  [0m] Listening on /dev/initctl Compatibility Named Pipe.
[[0;32m  OK  [0m] Started Forward Password Requests to Wall Directory Watch.
[[0;32m  OK  [0m] Reached target System Time Synchronized.
[[0;32m  OK  [0m] Listening on Network Service Netlink Socket.
[[0;32m  OK  [0m] Reached target Swap.
[[0;32m  OK  [0m] Created slice system-serial\x2dgetty.slice.
[[0;32m  OK  [0m] Listening on Journal Socket.
         Mounting Kernel Debug File System...
         Starting Remount Root and Kernel File S[   31.263388] EXT4-fs (sda1): re-mounted. Opts: (null)
ystems...
         Mounting POSIX Message Queue File System...
         Startin[   31.404250] random: crng init done
g Create list of required stâ€¦c[   31.537833] random: 7 urandom warning(s) missed due to ratelimiting
e nodes for the current kernel...
[   31.971522] systemd[1]: Starting Journal Service...
         Starting Journal Service...
[   32.529727] systemd[1]: Starting Uncomplicated firewall...
         Starting Uncomplicated firewall...
[   32.675189] systemd[1]: Starting Load Kernel Modules...
         Startin[   32.795441] Loading iSCSI transport class v2.0-870.
g Load Kernel Mo[   33.010228] iscsi: registered transport (tcp)
dules...
[   33.116864] systemd[1]: Listening on LVM2 poll daemon socket.
[[0;32m  OK  [[   33.239845] iscsi: registered transport (iser)
0m] Listening on LVM2 poll daemon socket.
[   33.253269] systemd[1]: Starting Set the console keyboard layout...
         Starting Set the console keyboard layout...
[   33.258912] systemd[1]: Mounting Huge Pages File System...
         Mounting Huge Pages File System...
[   33.271328] systemd[1]: Listening on udev Control Socket.
[[0;32m  OK  [0m] Listening on udev Control Socket.
[   33.274956] systemd[1]: Starting udev Coldplug all Devices...
         Starting udev Coldplug all Devices...
[   33.278213] systemd[1]: Listening on Device-mapper event daemon FIFOs.
[[0;32m  OK  [0m] Listening on Device-mapper event daemon FIFOs.
[   33.282689] systemd[1]: Starting Monitoring of LVM2 mirrors, snapshots etc. using dmeventd or progress polling...
         Starting Monitoring of LVM2 mirrorsâ€¦ng dmeventd or progress polling...
[[0;32m  OK  [0m] Started Journal Service.
[[0;32m  OK  [0m] Mounted Kernel Debug File System.
[[0;32m  OK  [0m] Started Remount Root and Kernel File Systems.
[[0;32m  OK  [0m] Mounted POSIX Message Queue File System.
[[0;32m  OK  [0m] Started Create list of required staâ€¦vice nodes for the current kernel.
[[0;32m  OK  [0m] Started Uncomplicated firewall.
[[0;32m  OK  [0m] Started Load Kernel Modules.
[[0;32m  OK  [0m] Started Set the console keyboard layout.
[[0;32m  OK  [0m] Mounted Huge Pages File System.
[[0;32m  OK  [0m] Started LVM2 metadata daemon.
         Mounting FUSE Control File System...
         Starting Apply Kernel Variables...
         Mounting Kernel Configuration File System...
         Starting Create Static Device Nodes in /dev...
         Starting Load/Save Random Seed...
         Starting Flush Journal to Persistent Storage...
[[0;32m  OK  [0m] Started Monitoring of LVM2 mirrors,â€¦sing dmeventd or progress polling.
[[0;32m  OK  [0m] Started udev Coldplug all Devices.
[[0;32m  OK  [0m] Mounted FUSE Control File System.
[[0;32m  OK  [0m] Started Apply Kernel Variables.
[[0;32m  OK  [0m] Mounted Kernel Configuration File System.
[[0;32m  OK  [0m] Started Create Static Device Nodes in /dev.
[[0;32m  OK  [0m] Started Load/Save Random Seed.
         Starting udev Kernel Device Manager...
[[0;32m  OK  [0m] Reached target Local File Systems (Pre).
         Mounting Mount unit for core, revision 7713...
[[0;32m  OK  [0m] Reached target Local File Systems.
         Starting AppArmor initialization...
         Starting ebtables ruleset management...
         Starting Set console font and keymap...
         Starting Tell Plymouth To Write Out Runtime Data...
         Mounting Mount unit for heroku, revision 3832...
         Mounting Mount unit for core, revision 7917...
         Mounting Mount unit for heroku, revision 3828...
[[0;32m  OK  [0m] Started udev Kernel Device Manager.
[[0;32m  OK  [0m] Mounted Mount unit for core, revision 7713.
[[0;32m  OK  [0m] Started Set console font and keymap.
[[0;32m  OK  [0m] Started Tell Plymouth To Write Out Runtime Data.
[[0;32m  OK  [0m] Mounted Mount unit for heroku, revision 3832.
[[0;32m  OK  [0m] Mounted Mount unit for heroku, revision 3828.
[[0;32m  OK  [0m] Found device /dev/ttyS0.
[[0;32m  OK  [0m] Started ebtables ruleset management.
[[0;32m  OK  [0m] Listening on Load/Save RF Kill Switch Status /dev/rfkill Watch.
[[0;32m  OK  [0m] Started Dispatch Password Requests to Console Directory Watch.
[[0;32m  OK  [0m] Reached target Local Encrypted Volumes.
[[0;32m  OK  [0m] Mounted Mount unit for core, revision 7917.
[[0;32m  OK  [0m] Started Flush Journal to Persistent Storage.
         Starting Create Volatile Files and Directories...
[[0;32m  OK  [0m] Started Create Volatile Files and Directories.
         Starting Update UTMP about System Boot/Shutdown...
[[0;32m  OK  [0m] Started Update UTMP about System Boot/Shutdown.
[[0;32m  OK  [0m] Started AppArmor initialization.
         Starting Initial cloud-init job (pre-networking)...
[   35.858262] cloud-init[598]: Cloud-init v. 19.1-1-gbaa47854-0ubuntu1~18.04.1 running 'init-local' at Sat, 12 Oct 2019 09:06:13 +0000. Up 35.67 seconds.
[[0;32m  OK  [0m] Started Initial cloud-init job (pre-networking).
[[0;32m  OK  [0m] Reached target Network (Pre).
         Starting Network Service...
[[0;32m  OK  [0m] Started Network Service.
         Starting Network Name Resolution...
         Starting Wait for Network to be Configured...
[[0;32m  OK  [0m] Started Network Name Resolution.
[[0;32m  OK  [0m] Reached target Host and Network Name Lookups.
[[0;32m  OK  [0m] Reached target Network.
[[0;32m  OK  [0m] Started Wait for Network to be Configured.
         Starting Initial cloud-init job (metadata service crawler)...
[   38.087840] cloud-init[704]: Cloud-init v. 19.1-1-gbaa47854-0ubuntu1~18.04.1 running 'init' at Sat, 12 Oct 2019 09:06:15 +0000. Up 37.97 seconds.
[   38.176290] cloud-init[704]: ci-info: ++++++++++++++++++++++++++++++++++++++Net device info++++++++++++++++++++++++++++++++++++++
[   38.216311] cloud-init[704]: ci-info: +--------+------+----------------------------+---------------+--------+-------------------+
[[0;32m  OK  [0m] Started Initial cloud-init job (metadata service crawler).
[   38.303474] [cloud-init[0;32m  OK  [0m[704]: ] ci-info: | Device |  Up  |          Address           |      Mask     | Scope  |     Hw-Address    |Reached target Network is Online.

         Starting Availability of block devices...
[   38.424254] cloud-init[704]: ci-info: +--------+------+----------------------------+---------------+--------+-------------------+
[   38.529438] [cloud-init[0;32m  OK  [0m[704]: ] ci-info: | enp0s3 | True |         10.0.2.15          | 255.255.255.0 | global | 02:19:d6:3c:94:c8 |Reached target Remote File Systems (Pre).

[   38.616914] [cloud-init[0;32m  OK  [0m[704]: ] ci-info: | enp0s3 | True | fe80::19:d6ff:fe3c:94c8/64 |       .       |  link  | 02:19:d6:3c:94:c8 |Reached target Remote File Systems.

[[0;32m  OK  [0m] Reached target Cloud-config availability.
[   38.696597] cloud-init[704]: ci-info: |   lo   | True |         127.0.0.1          |   255.0.0.0   |  host  |         .         |
[[0;32m  OK  [0m] Reached target System Initialization.
[   38.780884] cloud-init[704]: ci-info: |   lo   | True |          ::1/128           |       .       |  host  |         .         |
[[0;32m  OK  [0m] Started Discard unused blocks once a week.
[   38.815991] [[0;32m  OK  [0m] Listening on D-Bus System Message Bus Socket.
cloud-init[704]: ci-info: +--------+------+----------------------------+---------------+--------+-------------------+
         Starting LXD - unix socket.
[   38.829156] cloud-init         Starting Socket activation for snappy daemon.
[[0;32m  OK  [0m] Started Daily apt download activities.
[[0;32m  OK  [0m] Started Daily apt upgrade and clean activities.
[[0;32m  OK  [0m] Listening on Open-iSCSI iscsid Socket.
[[0;32m  OK  [0m] Started ACPI Events Check.
[[0;32m  OK  [0m] Reached target Paths.
[[0;32m  OK  [0m] Started Message of the Day.
[[0;32m  OK  [0m] Started Daily Cleanup of Temporary Directories.
[[0;32m  OK  [0m] Reached target Timers.
[[0;32m  OK  [0m] Listening on ACPID Listen Socket.
[[0;32m  OK  [0m] Listening on UUID daemon activation socket.
[[0;32m  OK  [0m] Started Availability of block devices.
[[0;32m  OK  [0m] Listening on LXD - unix socket.
[[0;32m  OK  [0m] Listening on Socket activation for snappy daemon.
[704]: ci-info: ++++++++++++++++++++++++++++Route IPv4 info+++++++++++++++++++++++++++++
[   38.836213] cloud-init[704]: ci-info: +-------+-------------+----------+-----------------+-----------+-------+
[   38.836265] cloud-init[704]: ci-info: | Route | Destination | Gateway  |     Genmask     | Interface | Flags |
[   38.836304] cloud-init[704]: ci-info: +-------+-------------+----------+-----------------+-----------+-------+
[   38.836336] cloud-init[704]: ci-info: |   0   |   0.0.0.0   | 10.0.2.2 |     0.0.0.0     |   enp0s3  |   UG  |
[   38.836372] cloud-init[704]: ci-info: |   1   |   10.0.2.0  | 0.0.0.0  |  255.255.255.0  |   enp0s3  |   U   |
[   38.836406] cloud-init[704]: ci-info: |   2   |   10.0.2.2  | 0.0.0.0  | 255.255.255.255 |   enp0s3  |   UH  |
[   38.836439] cloud-init[704]: ci-info: +-------+-------------+----------+-----------------+-----------+-------+
[   38.836470] cloud-init[704]: ci-info: +++++++++++++++++++Route IPv6 info+++++++++++++++++++
[[0;32m  OK  [0m] Reached target Sockets.
[[0;32m  OK  [0m] Reached target Basic System.
[   38.836503]          Starting Virtualbox guest utils...
cloud-init[704]: ci-info: +-------+-------------+---------+-----------+-------+
[   38.864677] [[0;32m  OK  [0m] Started irqbalance daemon.
cloud-init[704]: ci-info: | Route | Destination | Gateway | Interface | Flags |
[   38.866942] cloud-init[[704]: [0;32m  OK  [0mci-info: +-------+-------------+---------+-----------+-------+] 
Started FUSE filesystem for LXC.
[   38.866979] cloud-init[704]: ci-info: |   1   |  fe80::/64  |    ::   |   enp0s3  |   U   |
         Starting Dispatcher daemon for systemd-networkd...
[   38.925281] cloud-init[704]: ci-info: |   3   |    local    |    ::   |   enp0s3  |   U   |
[[0;32m  OK  [0m] Started D-Bus System Message Bus.
[   38.978632] cloud-init[704]: ci-info: |   4   |   ff00::/8  |    ::   |   enp0s3  |   U   |
         Starting Resets System Activity Data Collector...
[   39.019349] cloud-init[704]: ci-info: +-------+-------------+---------+-----------+-------+
         Starting Login Service...
         Starting OpenBSD Secure Shell server...
         Starting Permit User Sessions...
         Starting Snappy daemon...
         Starting LSB: automatic crash report generation...
[[0;32m  OK  [0m] Started Regular background program processing daemon.
[[0;32m  OK  [0m] Started Deferred execution scheduler.
         Starting LXD - container startup/shutdown...
         Starting LSB: Record successful boot for GRUB...
         Starting PostgreSQL Cluster 10-main...
         Starting Message of the Day...
         Starting Accounts Service...
         Starting System Logging Service...
[[0;32m  OK  [0m] Started Dispatcher daemon for systemd-networkd.
[[0;32m  OK  [0m] Started Resets System Activity Data Collector.
[[0;32m  OK  [0m] Started Permit User Sessions.
[[0;32m  OK  [0m] Started Login Service.
[[0;32m  OK  [0m] Started OpenBSD Secure Shell server.
[[0;32m  OK  [0m] Started Unattended Upgrades Shutdown.
         Starting Terminate Plymouth Boot Screen...
         Starting Hold until boot process finishes up...
[[0;32m  OK  [0m] Started Hold until boot process finishes up.
[[0;32m  OK  [0m] Started System Logging Service.
[[0;32m  OK  [0m] Started Terminate Plymouth Boot Screen.
         Starting Authorization Manager...
[[0;32m  OK  [0m] Started Serial Getty on ttyS0.
         Starting Set console scheme...
[[0;32m  OK  [0m] Started LSB: automatic crash report generation.
[[0;32m  OK  [0m] Started Authorization Manager.
[[0;32m  OK  [0m] Started Accounts Service.
[[0;32m  OK  [0m] Started Set console scheme.
[[0;32m  OK  [0m] Created slice system-getty.slice.
[[0;32m  OK  [0m] Started Getty on tty1.
[[0;32m  OK  [0m] Reached target Login Prompts.
[[0;32m  OK  [0m] Started Virtualbox guest utils.
[[0;32m  OK  [0m] Started LXD - container startup/shutdown.
[[0;32m  OK  [0m] Started LSB: Record successful boot for GRUB.
[[0;32m  OK  [0m] Started Snappy daemon.
         Starting Wait until snapd is fully seeded...
[[0;32m  OK  [0m] Started Wait until snapd is fully seeded.
         Starting Apply the settings specified in cloud-config...
[   41.076305] cloud-init[1296]: Cloud-init v. 19.1-1-gbaa47854-0ubuntu1~18.04.1 running 'modules:config' at Sat, 12 Oct 2019 09:06:18 +0000. Up 40.99 seconds.
[[0;32m  OK  [0m] Started Apply the settings specified in cloud-config.
[[0;32m  OK  [0m] Started Message of the Day.
[[0;32m  OK  [0m] Created slice User Slice of vagrant.
         Starting User Manager for UID 1000...
[[0;32m  OK  [0m] Started Session 1 of user vagrant.
[[0;32m  OK  [0m] Started User Manager for UID 1000.
[[0;32m  OK  [0m] Started PostgreSQL Cluster 10-main.
         Starting PostgreSQL RDBMS...
[[0;32m  OK  [0m] Started PostgreSQL RDBMS.
[[0;32m  OK  [0m] Reached target Multi-User System.
         Starting Execute cloud user/final scripts...
[[0;32m  OK  [0m] Reached target Graphical Interface.
         Starting Update UTMP about System Runlevel Changes...
[[0;32m  OK  [0m] Started Update UTMP about System Runlevel Changes.
[   43.161650] cloud-init[1490]: Cloud-init v. 19.1-1-gbaa47854-0ubuntu1~18.04.1 running 'modules:final' at Sat, 12 Oct 2019 09:06:20 +0000. Up 43.06 seconds.
[   43.175494] cloud-init[1490]: Cloud-init v. 19.1-1-gbaa47854-0ubuntu1~18.04.1 finished at Sat, 12 Oct 2019 09:06:20 +0000. Datasource DataSourceNoCloud [seed=/dev/sdb][dsmode=net].  Up 43.15 seconds
[[0;32m  OK  [0m] Started Execute cloud user/final scripts.
[[0;32m  OK  [0m] Reached target Cloud-init target.
         Starting Daily apt download activities...

Ubuntu 18.04.3 LTS ubuntu-bionic ttyS0

ubuntu-bionic login: 